[vagrant@server ~]$ su
Password: 
[root@server vagrant]# ls /vagrant
Vagrantfile  setup_zfs.sh  zfs_task1.tar.gz
[root@server vagrant]# mkdir pool
[root@server vagrant]# cp /vagrant/* pool
[root@server vagrant]# ls pool
Vagrantfile  setup_zfs.sh  zfs_task1.tar.gz
[root@server vagrant]# cd pool
[root@server pool]# tar -xvf zfs_task1.tar.gz
zpoolexport/
zpoolexport/filea
zpoolexport/fileb
[root@server pool]# ls
Vagrantfile  setup_zfs.sh  zfs_task1.tar.gz  zpoolexport
[root@server pool]# cd zpoolexport
[root@server zpoolexport]# ls
filea  fileb
[root@server zpoolexport]# zpool import -d ${PWD}
   pool: otus
     id: 6554193320433390805
  state: ONLINE
 action: The pool can be imported using its name or numeric identifier.
 config:

	otus                                      ONLINE
	  mirror-0                                ONLINE
	    /home/vagrant/pool/zpoolexport/filea  ONLINE
	    /home/vagrant/pool/zpoolexport/fileb  ONLINE
[root@server zpoolexport]# zpool status
no pools available
[root@server zpoolexport]# zpool list
no pools available
[root@server zpoolexport]# zpool import -d ${PWD} otus
[root@server zpoolexport]# zpool list
NAME   SIZE  ALLOC   FREE  CKPOINT  EXPANDSZ   FRAG    CAP  DEDUP    HEALTH  ALTROOT
otus   480M  2.18M   478M        -         -     0%     0%  1.00x    ONLINE  -
[root@server zpoolexport]# zpool status
  pool: otus
 state: ONLINE
  scan: none requested
config:

	NAME                                      STATE     READ WRITE CKSUM
	otus                                      ONLINE       0     0     0
	  mirror-0                                ONLINE       0     0     0
	    /home/vagrant/pool/zpoolexport/filea  ONLINE       0     0     0
	    /home/vagrant/pool/zpoolexport/fileb  ONLINE       0     0     0

errors: No known data errors
[root@server zpoolexport]# zfs list
NAME             USED  AVAIL     REFER  MOUNTPOINT
otus            2.04M   350M       24K  /otus
otus/hometask2  1.88M   350M     1.88M  /otus/hometask2
[root@server zpoolexport]# zfs get all otus
NAME  PROPERTY              VALUE                  SOURCE
otus  type                  filesystem             -
otus  creation              Fri May 15  4:00 2020  -
otus  used                  2.04M                  -
otus  available             350M                   -
otus  referenced            24K                    -
otus  compressratio         1.00x                  -
otus  mounted               yes                    -
otus  quota                 none                   default
otus  reservation           none                   default
otus  recordsize            128K                   local
otus  mountpoint            /otus                  default
otus  sharenfs              off                    default
otus  checksum              sha256                 local
otus  compression           zle                    local
otus  atime                 on                     default
otus  devices               on                     default
otus  exec                  on                     default
otus  setuid                on                     default
otus  readonly              off                    default
otus  zoned                 off                    default
otus  snapdir               hidden                 default
otus  aclinherit            restricted             default
otus  createtxg             1                      -
otus  canmount              on                     default
otus  xattr                 on                     default
otus  copies                1                      default
otus  version               5                      -
otus  utf8only              off                    -
otus  normalization         none                   -
otus  casesensitivity       sensitive              -
otus  vscan                 off                    default
otus  nbmand                off                    default
otus  sharesmb              off                    default
otus  refquota              none                   default
otus  refreservation        none                   default
otus  guid                  14592242904030363272   -
otus  primarycache          all                    default
otus  secondarycache        all                    default
otus  usedbysnapshots       0B                     -
otus  usedbydataset         24K                    -
otus  usedbychildren        2.01M                  -
otus  usedbyrefreservation  0B                     -
otus  logbias               latency                default
otus  objsetid              54                     -
otus  dedup                 off                    default
otus  mlslabel              none                   default
otus  sync                  standard               default
otus  dnodesize             legacy                 default
otus  refcompressratio      1.00x                  -
otus  written               24K                    -
otus  logicalused           1020K                  -
otus  logicalreferenced     12K                    -
otus  volmode               default                default
otus  filesystem_limit      none                   default
otus  snapshot_limit        none                   default
otus  filesystem_count      none                   default
otus  snapshot_count        none                   default
otus  snapdev               hidden                 default
otus  acltype               off                    default
otus  context               none                   default
otus  fscontext             none                   default
otus  defcontext            none                   default
otus  rootcontext           none                   default
otus  relatime              off                    default
otus  redundant_metadata    all                    default
otus  overlay               off                    default
otus  encryption            off                    default
otus  keylocation           none                   default
otus  keyformat             none                   default
otus  pbkdf2iters           0                      default
otus  special_small_blocks  0                      default
[root@server zpoolexport]# 


